Successfully retrieved statistics for job: 26864639. 
+------------------------------------------------------------------------------+
| GPU ID: 1                                                                    |
+====================================+=========================================+
|-----  Execution Stats  ------------+-----------------------------------------|
| Start Time                         | Sun Aug  6 21:47:47 2023                |
| End Time                           | Sun Aug  6 22:13:59 2023                |
| Total Execution Time (sec)         | 1572.08                                 |
| No. of Processes                   | 1                                       |
+-----  Performance Stats  ----------+-----------------------------------------+
| Energy Consumed (Joules)           | 79247                                   |
| Power Usage (Watts)                | Avg: 50.9832, Max: 225.093, Min: 12.024 |
| Max GPU Memory Used (bytes)        | 13008633856                             |
| SM Clock (MHz)                     | Avg: 490, Max: 1657, Min: 139           |
| Memory Clock (MHz)                 | Avg: 1412, Max: 4513, Min: 405          |
| SM Utilization (%)                 | Avg: 18, Max: 100, Min: 0               |
| Memory Utilization (%)             | Avg: 12, Max: 75, Min: 0                |
| PCIe Rx Bandwidth (megabytes)      | Avg: N/A, Max: N/A, Min: N/A            |
| PCIe Tx Bandwidth (megabytes)      | Avg: N/A, Max: N/A, Min: N/A            |
+-----  Event Stats  ----------------+-----------------------------------------+
| Single Bit ECC Errors              | 0                                       |
| Double Bit ECC Errors              | 0                                       |
| PCIe Replay Warnings               | 0                                       |
| Critical XID Errors                | 0                                       |
+-----  Slowdown Stats  -------------+-----------------------------------------+
| Due to - Power (%)                 | 0                                       |
|        - Thermal (%)               | 0                                       |
|        - Reliability (%)           | Not Supported                           |
|        - Board Limit (%)           | Not Supported                           |
|        - Low Utilization (%)       | Not Supported                           |
|        - Sync Boost (%)            | 0                                       |
+--  Compute Process Utilization  ---+-----------------------------------------+
| PID                                | 5937                                    |
|     Avg SM Utilization (%)         | 0                                       |
|     Avg Memory Utilization (%)     | 0                                       |
+-----  Overall Health  -------------+-----------------------------------------+
| Overall Health                     | Healthy                                 |
+------------------------------------+-----------------------------------------+

