Loading module for CUDA 11.2.2
CUDA 11.2.2 is now loaded
Loading module for CUDA 11.2.2
CUDA 11.2.2 is now loaded
UCX 1.9.0 is now loaded
Open MPI 4.0.3 is now loaded
Loading module for cudnn
cudnn is now loaded
Loading module for CUDA 11.2.2
CUDA 11.2.2 is now loaded
GNU 9.2.0 is now loaded
Loading module for Machine Learning 2022.11
Machine Learning 2022.11 is now loaded
gpu504-37 pinned to port 10020
 
To connect to the compute node gpu504-37 on IBEX running your jupyter notebook server, you need to run following two commands in a terminal 1. 
Command to create ssh tunnel from you workstation/laptop to glogin: 

ssh -L 10020:gpu504-37:10020 abdulna@glogin.ibex.kaust.edu.sa 

Copy the link provided below by jupyter-server and replace the NODENAME with localhost before pasting it in your browser on your workstation/laptop 
[I 23:47:48.919 NotebookApp] Loading IPython parallel extension
[W 2023-07-30 23:47:50.728 LabApp] 'port' has moved from NotebookApp to ServerApp. This config will be passed to ServerApp. Be sure to update your config before our next release.
[W 2023-07-30 23:47:50.728 LabApp] 'port_retries' has moved from NotebookApp to ServerApp. This config will be passed to ServerApp. Be sure to update your config before our next release.
[W 2023-07-30 23:47:50.729 LabApp] 'ip' has moved from NotebookApp to ServerApp. This config will be passed to ServerApp. Be sure to update your config before our next release.
[W 2023-07-30 23:47:50.729 LabApp] 'ip' has moved from NotebookApp to ServerApp. This config will be passed to ServerApp. Be sure to update your config before our next release.
[W 2023-07-30 23:47:50.729 LabApp] 'ip' has moved from NotebookApp to ServerApp. This config will be passed to ServerApp. Be sure to update your config before our next release.
[I 2023-07-30 23:47:50.747 LabApp] JupyterLab extension loaded from /sw/csgv/machine_learning/2022.11/el7_cudnn8.2_cuda11.2_py3.8_env/machine_learning-module/env/lib/python3.9/site-packages/jupyterlab
[I 2023-07-30 23:47:50.747 LabApp] JupyterLab application directory is /sw/csgv/machine_learning/2022.11/el7_cudnn8.2_cuda11.2_py3.8_env/machine_learning-module/env/share/jupyter/lab
[I 23:47:51.583 NotebookApp] Serving notebooks from local directory: /home/abdulna/test
[I 23:47:51.583 NotebookApp] Jupyter Notebook 6.5.1 is running at:
[I 23:47:51.583 NotebookApp] http://gpu504-37:10020/?token=4bc904274f37e8a1e05be70b59e7da8388236b89b9c4e48a
[I 23:47:51.583 NotebookApp]  or http://127.0.0.1:10020/?token=4bc904274f37e8a1e05be70b59e7da8388236b89b9c4e48a
[I 23:47:51.583 NotebookApp] Use Control-C to stop this server and shut down all kernels (twice to skip confirmation).
[C 23:47:51.594 NotebookApp] 
    
    To access the notebook, open this file in a browser:
        file:///home/abdulna/.local/share/jupyter/runtime/nbserver-36398-open.html
    Or copy and paste one of these URLs:
        http://gpu504-37:10020/?token=4bc904274f37e8a1e05be70b59e7da8388236b89b9c4e48a
     or http://127.0.0.1:10020/?token=4bc904274f37e8a1e05be70b59e7da8388236b89b9c4e48a
[I 2023-07-30 23:48:22.919 LabApp] Build is up to date
WARNING:bokeh.server.util:Host wildcard '*' will allow connections originating from multiple (or possibly all) hostnames or IPs. Use non-wildcard values to restrict access explicitly
[W 23:48:26.723 NotebookApp] 404 GET /panel-preview/render/code_prototype.ipynb (10.109.66.157) 92.360000ms referer=None
[I 23:48:26.768 NotebookApp] New terminal with automatic name: 1
[W 23:48:26.778 NotebookApp] 404 GET /static/components/jquery-ui/themes/smoothness/jquery-ui.min.css (10.109.66.157) 3.720000ms referer=http://127.0.0.1:10020/panel-preview/render/code_prototype.ipynb
[I 23:48:27.689 NotebookApp] Kernel started: 72bf18d8-f237-467d-9e85-99c585db184c, name: myenv
[I 23:50:27.311 NotebookApp] Saving file at /code_prototype.ipynb
[I 23:52:27.365 NotebookApp] Saving file at /code_prototype.ipynb
[I 23:54:27.414 NotebookApp] Saving file at /code_prototype.ipynb
[I 23:56:28.111 NotebookApp] Saving file at /code_prototype.ipynb
[I 23:58:04.591 NotebookApp] New terminal with automatic name: 2
[I 23:59:47.260 NotebookApp] Kernel restarted: 72bf18d8-f237-467d-9e85-99c585db184c
[E 00:37:51.289 NotebookApp] Failed to run command:
    ['/home/abdulna/test/env/bin/python', '-m', 'ipykernel_launcher', '-f', '/home/abdulna/.local/share/jupyter/runtime/kernel-eb6739f8-dbad-4c17-af0f-0dd21a33b0e1.json']
        PATH='/sw/csgv/machine_learning/2022.11/el7_cudnn8.2_cuda11.2_py3.8_env/machine_learning-module/env/bin:/sw/csi/gcc/9.2.0/el7.9_binary/bin:/sw/csgv/openmpi/4.0.3/el7.9_gnu4.8.5_cuda11.2.2/libexec/osu-micro-benchmarks/mpi/collective:/sw/csgv/openmpi/4.0.3/el7.9_gnu4.8.5_cuda11.2.2/libexec/osu-micro-benchmarks/mpi/pt2pt:/sw/csgv/openmpi/4.0.3/el7.9_gnu4.8.5_cuda11.2.2/bin:/sw/csgv/ucx/1.9.0/el7.9_gnu4.8.5_cuda11.2.2/bin:/sw/csgv/cuda/11.2.2/el7.9_binary/bin:/opt/slurm/puppet/bin:/opt/slurm/cluster/ibex/install-v2/RedHat-7/bin:/opt/slurm/scripts/sbin:/opt/slurm/scripts/bin:/usr/lpp/mmfs/bin:/home/abdulna/miniconda3/bin:/home/abdulna/miniconda3/condabin:/usr/lib64/qt-3.3/bin:/opt/slurm/puppet/bin:/opt/slurm/cluster/ibex/install-v2/RedHat-7/bin:/opt/slurm/scripts/sbin:/opt/slurm/scripts/bin:/usr/lpp/mmfs/bin:/usr/local/bin:/usr/bin:/usr/local/sbin:/usr/sbin:/opt/slurm/scripts/bin:/opt/puppetlabs/bin:/home/abdulna/.local/bin:/home/abdulna/bin:/opt/slurm/scripts/bin:/home/abdulna/.local/bin:/home/abdulna/bin'
        with kwargs:
    {'stdin': -1, 'stdout': None, 'stderr': None, 'cwd': '/home/abdulna/test', 'start_new_session': True}
    
[E 00:37:51.290 NotebookApp] [Errno 2] No such file or directory: '/home/abdulna/test/env/bin/python'
    Traceback (most recent call last):
      File "/sw/csgv/machine_learning/2022.11/el7_cudnn8.2_cuda11.2_py3.8_env/machine_learning-module/env/lib/python3.9/site-packages/jupyter_client/manager.py", line 75, in wrapper
        out = await method(self, *args, **kwargs)
      File "/sw/csgv/machine_learning/2022.11/el7_cudnn8.2_cuda11.2_py3.8_env/machine_learning-module/env/lib/python3.9/site-packages/jupyter_client/manager.py", line 389, in _async_start_kernel
        await ensure_async(self._launch_kernel(kernel_cmd, **kw))
      File "/sw/csgv/machine_learning/2022.11/el7_cudnn8.2_cuda11.2_py3.8_env/machine_learning-module/env/lib/python3.9/site-packages/jupyter_client/utils.py", line 30, in wrapped
        raise e
      File "/sw/csgv/machine_learning/2022.11/el7_cudnn8.2_cuda11.2_py3.8_env/machine_learning-module/env/lib/python3.9/site-packages/jupyter_client/utils.py", line 27, in wrapped
        return loop.run_until_complete(future)
      File "/sw/csgv/machine_learning/2022.11/el7_cudnn8.2_cuda11.2_py3.8_env/machine_learning-module/env/lib/python3.9/site-packages/nest_asyncio.py", line 90, in run_until_complete
        return f.result()
      File "/sw/csgv/machine_learning/2022.11/el7_cudnn8.2_cuda11.2_py3.8_env/machine_learning-module/env/lib/python3.9/asyncio/futures.py", line 201, in result
        raise self._exception
      File "/sw/csgv/machine_learning/2022.11/el7_cudnn8.2_cuda11.2_py3.8_env/machine_learning-module/env/lib/python3.9/asyncio/tasks.py", line 256, in __step
        result = coro.send(None)
      File "/sw/csgv/machine_learning/2022.11/el7_cudnn8.2_cuda11.2_py3.8_env/machine_learning-module/env/lib/python3.9/site-packages/jupyter_client/manager.py", line 307, in _async_launch_kernel
        connection_info = await self.provisioner.launch_kernel(kernel_cmd, **kw)
      File "/sw/csgv/machine_learning/2022.11/el7_cudnn8.2_cuda11.2_py3.8_env/machine_learning-module/env/lib/python3.9/site-packages/jupyter_client/provisioning/local_provisioner.py", line 204, in launch_kernel
        self.process = launch_kernel(cmd, **scrubbed_kwargs)
      File "/sw/csgv/machine_learning/2022.11/el7_cudnn8.2_cuda11.2_py3.8_env/machine_learning-module/env/lib/python3.9/site-packages/jupyter_client/launcher.py", line 170, in launch_kernel
        raise ex
      File "/sw/csgv/machine_learning/2022.11/el7_cudnn8.2_cuda11.2_py3.8_env/machine_learning-module/env/lib/python3.9/site-packages/jupyter_client/launcher.py", line 158, in launch_kernel
        proc = Popen(cmd, **kwargs)
      File "/sw/csgv/machine_learning/2022.11/el7_cudnn8.2_cuda11.2_py3.8_env/machine_learning-module/env/lib/python3.9/subprocess.py", line 951, in __init__
        self._execute_child(args, executable, preexec_fn, close_fds,
      File "/sw/csgv/machine_learning/2022.11/el7_cudnn8.2_cuda11.2_py3.8_env/machine_learning-module/env/lib/python3.9/subprocess.py", line 1821, in _execute_child
        raise child_exception_type(errno_num, err_msg, err_filename)
    FileNotFoundError: [Errno 2] No such file or directory: '/home/abdulna/test/env/bin/python'
2023-07-31 00:37:51,320 - NotebookApp - ERROR - Uncaught exception PATCH /api/sessions/d6029e20-fb36-4616-9bab-1b0394dd8acc?1690753071250 (10.109.66.157)
HTTPServerRequest(protocol='http', host='127.0.0.1:10020', method='PATCH', uri='/api/sessions/d6029e20-fb36-4616-9bab-1b0394dd8acc?1690753071250', version='HTTP/1.1', remote_ip='10.109.66.157')
Traceback (most recent call last):
  File "/sw/csgv/machine_learning/2022.11/el7_cudnn8.2_cuda11.2_py3.8_env/machine_learning-module/env/lib/python3.9/site-packages/tornado/web.py", line 1704, in _execute
    result = await result
  File "/sw/csgv/machine_learning/2022.11/el7_cudnn8.2_cuda11.2_py3.8_env/machine_learning-module/env/lib/python3.9/asyncio/tasks.py", line 328, in __wakeup
    future.result()
  File "/sw/csgv/machine_learning/2022.11/el7_cudnn8.2_cuda11.2_py3.8_env/machine_learning-module/env/lib/python3.9/site-packages/tornado/gen.py", line 769, in run
    yielded = self.gen.throw(*exc_info)  # type: ignore
  File "/sw/csgv/machine_learning/2022.11/el7_cudnn8.2_cuda11.2_py3.8_env/machine_learning-module/env/lib/python3.9/site-packages/notebook/services/sessions/handlers.py", line 142, in patch
    kernel_id = yield sm.start_kernel_for_session(
  File "/sw/csgv/machine_learning/2022.11/el7_cudnn8.2_cuda11.2_py3.8_env/machine_learning-module/env/lib/python3.9/site-packages/tornado/gen.py", line 762, in run
    value = future.result()
  File "/sw/csgv/machine_learning/2022.11/el7_cudnn8.2_cuda11.2_py3.8_env/machine_learning-module/env/lib/python3.9/site-packages/tornado/gen.py", line 769, in run
    yielded = self.gen.throw(*exc_info)  # type: ignore
  File "/sw/csgv/machine_learning/2022.11/el7_cudnn8.2_cuda11.2_py3.8_env/machine_learning-module/env/lib/python3.9/site-packages/notebook/services/sessions/sessionmanager.py", line 110, in start_kernel_for_session
    kernel_id = yield maybe_future(
  File "/sw/csgv/machine_learning/2022.11/el7_cudnn8.2_cuda11.2_py3.8_env/machine_learning-module/env/lib/python3.9/site-packages/tornado/gen.py", line 762, in run
    value = future.result()
  File "/sw/csgv/machine_learning/2022.11/el7_cudnn8.2_cuda11.2_py3.8_env/machine_learning-module/env/lib/python3.9/asyncio/futures.py", line 201, in result
    raise self._exception
  File "/sw/csgv/machine_learning/2022.11/el7_cudnn8.2_cuda11.2_py3.8_env/machine_learning-module/env/lib/python3.9/asyncio/tasks.py", line 256, in __step
    result = coro.send(None)
  File "/sw/csgv/machine_learning/2022.11/el7_cudnn8.2_cuda11.2_py3.8_env/machine_learning-module/env/lib/python3.9/site-packages/notebook/services/kernels/kernelmanager.py", line 176, in start_kernel
    kernel_id = await maybe_future(self.pinned_superclass.start_kernel(self, **kwargs))
  File "/sw/csgv/machine_learning/2022.11/el7_cudnn8.2_cuda11.2_py3.8_env/machine_learning-module/env/lib/python3.9/site-packages/jupyter_client/utils.py", line 30, in wrapped
    raise e
  File "/sw/csgv/machine_learning/2022.11/el7_cudnn8.2_cuda11.2_py3.8_env/machine_learning-module/env/lib/python3.9/site-packages/jupyter_client/utils.py", line 27, in wrapped
    return loop.run_until_complete(future)
  File "/sw/csgv/machine_learning/2022.11/el7_cudnn8.2_cuda11.2_py3.8_env/machine_learning-module/env/lib/python3.9/site-packages/nest_asyncio.py", line 90, in run_until_complete
    return f.result()
  File "/sw/csgv/machine_learning/2022.11/el7_cudnn8.2_cuda11.2_py3.8_env/machine_learning-module/env/lib/python3.9/asyncio/futures.py", line 201, in result
    raise self._exception
  File "/sw/csgv/machine_learning/2022.11/el7_cudnn8.2_cuda11.2_py3.8_env/machine_learning-module/env/lib/python3.9/asyncio/tasks.py", line 256, in __step
    result = coro.send(None)
  File "/sw/csgv/machine_learning/2022.11/el7_cudnn8.2_cuda11.2_py3.8_env/machine_learning-module/env/lib/python3.9/site-packages/jupyter_client/multikernelmanager.py", line 214, in _async_start_kernel
    starter = ensure_async(km.start_kernel(**kwargs))
  File "/sw/csgv/machine_learning/2022.11/el7_cudnn8.2_cuda11.2_py3.8_env/machine_learning-module/env/lib/python3.9/site-packages/jupyter_client/utils.py", line 30, in wrapped
    raise e
  File "/sw/csgv/machine_learning/2022.11/el7_cudnn8.2_cuda11.2_py3.8_env/machine_learning-module/env/lib/python3.9/site-packages/jupyter_client/utils.py", line 27, in wrapped
    return loop.run_until_complete(future)
  File "/sw/csgv/machine_learning/2022.11/el7_cudnn8.2_cuda11.2_py3.8_env/machine_learning-module/env/lib/python3.9/site-packages/nest_asyncio.py", line 90, in run_until_complete
    return f.result()
  File "/sw/csgv/machine_learning/2022.11/el7_cudnn8.2_cuda11.2_py3.8_env/machine_learning-module/env/lib/python3.9/asyncio/futures.py", line 201, in result
    raise self._exception
  File "/sw/csgv/machine_learning/2022.11/el7_cudnn8.2_cuda11.2_py3.8_env/machine_learning-module/env/lib/python3.9/asyncio/tasks.py", line 256, in __step
    result = coro.send(None)
  File "/sw/csgv/machine_learning/2022.11/el7_cudnn8.2_cuda11.2_py3.8_env/machine_learning-module/env/lib/python3.9/site-packages/jupyter_client/manager.py", line 83, in wrapper
    raise e
  File "/sw/csgv/machine_learning/2022.11/el7_cudnn8.2_cuda11.2_py3.8_env/machine_learning-module/env/lib/python3.9/site-packages/jupyter_client/manager.py", line 75, in wrapper
    out = await method(self, *args, **kwargs)
  File "/sw/csgv/machine_learning/2022.11/el7_cudnn8.2_cuda11.2_py3.8_env/machine_learning-module/env/lib/python3.9/site-packages/jupyter_client/manager.py", line 389, in _async_start_kernel
    await ensure_async(self._launch_kernel(kernel_cmd, **kw))
  File "/sw/csgv/machine_learning/2022.11/el7_cudnn8.2_cuda11.2_py3.8_env/machine_learning-module/env/lib/python3.9/site-packages/jupyter_client/utils.py", line 30, in wrapped
    raise e
  File "/sw/csgv/machine_learning/2022.11/el7_cudnn8.2_cuda11.2_py3.8_env/machine_learning-module/env/lib/python3.9/site-packages/jupyter_client/utils.py", line 27, in wrapped
    return loop.run_until_complete(future)
  File "/sw/csgv/machine_learning/2022.11/el7_cudnn8.2_cuda11.2_py3.8_env/machine_learning-module/env/lib/python3.9/site-packages/nest_asyncio.py", line 90, in run_until_complete
    return f.result()
  File "/sw/csgv/machine_learning/2022.11/el7_cudnn8.2_cuda11.2_py3.8_env/machine_learning-module/env/lib/python3.9/asyncio/futures.py", line 201, in result
    raise self._exception
  File "/sw/csgv/machine_learning/2022.11/el7_cudnn8.2_cuda11.2_py3.8_env/machine_learning-module/env/lib/python3.9/asyncio/tasks.py", line 256, in __step
    result = coro.send(None)
  File "/sw/csgv/machine_learning/2022.11/el7_cudnn8.2_cuda11.2_py3.8_env/machine_learning-module/env/lib/python3.9/site-packages/jupyter_client/manager.py", line 307, in _async_launch_kernel
    connection_info = await self.provisioner.launch_kernel(kernel_cmd, **kw)
  File "/sw/csgv/machine_learning/2022.11/el7_cudnn8.2_cuda11.2_py3.8_env/machine_learning-module/env/lib/python3.9/site-packages/jupyter_client/provisioning/local_provisioner.py", line 204, in launch_kernel
    self.process = launch_kernel(cmd, **scrubbed_kwargs)
  File "/sw/csgv/machine_learning/2022.11/el7_cudnn8.2_cuda11.2_py3.8_env/machine_learning-module/env/lib/python3.9/site-packages/jupyter_client/launcher.py", line 170, in launch_kernel
    raise ex
  File "/sw/csgv/machine_learning/2022.11/el7_cudnn8.2_cuda11.2_py3.8_env/machine_learning-module/env/lib/python3.9/site-packages/jupyter_client/launcher.py", line 158, in launch_kernel
    proc = Popen(cmd, **kwargs)
  File "/sw/csgv/machine_learning/2022.11/el7_cudnn8.2_cuda11.2_py3.8_env/machine_learning-module/env/lib/python3.9/subprocess.py", line 951, in __init__
    self._execute_child(args, executable, preexec_fn, close_fds,
  File "/sw/csgv/machine_learning/2022.11/el7_cudnn8.2_cuda11.2_py3.8_env/machine_learning-module/env/lib/python3.9/subprocess.py", line 1821, in _execute_child
    raise child_exception_type(errno_num, err_msg, err_filename)
FileNotFoundError: [Errno 2] No such file or directory: '/home/abdulna/test/env/bin/python'
[W 00:37:51.338 NotebookApp] Unhandled error
[E 00:37:51.339 NotebookApp] {
      "Host": "127.0.0.1:10020",
      "Accept": "*/*",
      "Referer": "http://127.0.0.1:10020/lab/tree/code_prototype.ipynb",
      "User-Agent": "Mozilla/5.0 (X11; Linux x86_64) AppleWebKit/537.36 (KHTML, like Gecko) Chrome/114.0.0.0 Safari/537.36"
    }
[E 00:37:51.339 NotebookApp] 500 PATCH /api/sessions/d6029e20-fb36-4616-9bab-1b0394dd8acc?1690753071250 (10.109.66.157) 85.920000ms referer=http://127.0.0.1:10020/lab/tree/code_prototype.ipynb
[I 00:38:04.900 NotebookApp] Kernel started: 9be46062-010f-4c45-b6d7-189cf40a0034, name: python3
[I 00:38:08.992 NotebookApp] Starting buffering for 9be46062-010f-4c45-b6d7-189cf40a0034:48363149-923d-4de4-918d-7dc700328bbb
[I 00:38:16.480 NotebookApp] Kernel interrupted: 9be46062-010f-4c45-b6d7-189cf40a0034
[IPKernelApp] ERROR | No such comm target registered: jupyter.widget.control
[IPKernelApp] WARNING | No such comm: 4c854aef-2083-4a23-be07-06d77f0124a1
[I 00:38:20.313 NotebookApp] Kernel restarted: 9be46062-010f-4c45-b6d7-189cf40a0034
[IPKernelApp] ERROR | No such comm target registered: jupyter.widget.control
[IPKernelApp] WARNING | No such comm: 996d1d1e-6dca-4eaa-bbae-2435d3a6ab2f
[I 00:38:32.307 NotebookApp] Kernel started: 329bbaa7-0060-44e2-8e6b-58aa485687a7, name: myenv2
[I 00:38:32.308 NotebookApp] Kernel shutdown: 9be46062-010f-4c45-b6d7-189cf40a0034
[I 00:39:20.258 NotebookApp] Saving file at /code_prototype.ipynb
[I 01:00:34.254 NotebookApp] Kernel restarted: 329bbaa7-0060-44e2-8e6b-58aa485687a7
[I 01:01:21.123 NotebookApp] Saving file at /code_prototype.ipynb
[I 01:03:21.210 NotebookApp] Saving file at /code_prototype.ipynb
[I 01:05:21.262 NotebookApp] Saving file at /code_prototype.ipynb
[I 01:07:21.323 NotebookApp] Saving file at /code_prototype.ipynb
[I 01:08:19.453 NotebookApp] Kernel restarted: 329bbaa7-0060-44e2-8e6b-58aa485687a7
[I 01:09:12.028 NotebookApp] Kernel restarted: 329bbaa7-0060-44e2-8e6b-58aa485687a7
[I 01:09:21.418 NotebookApp] Saving file at /code_prototype.ipynb
[I 01:16:21.822 NotebookApp] Kernel restarted: 329bbaa7-0060-44e2-8e6b-58aa485687a7
[I 01:17:22.107 NotebookApp] Saving file at /code_prototype.ipynb
[I 01:19:23.111 NotebookApp] Saving file at /code_prototype.ipynb
[I 01:21:24.112 NotebookApp] Saving file at /code_prototype.ipynb
[I 01:23:24.165 NotebookApp] Saving file at /code_prototype.ipynb
[I 01:25:25.113 NotebookApp] Saving file at /code_prototype.ipynb
[I 01:35:29.122 NotebookApp] Saving file at /code_prototype.ipynb
[I 01:36:58.808 NotebookApp] Kernel restarted: 329bbaa7-0060-44e2-8e6b-58aa485687a7
[W 01:37:03.751 NotebookApp] Nudge: attempt 10 on kernel 329bbaa7-0060-44e2-8e6b-58aa485687a7
[I 01:37:29.201 NotebookApp] Saving file at /code_prototype.ipynb
[I 01:39:09.419 NotebookApp] Creating new file in 
[I 01:39:29.647 NotebookApp] Saving file at /code_prototype.ipynb
[I 01:39:54.528 NotebookApp] Saving file at /test_code.py
[I 01:40:49.449 NotebookApp] Saving file at /test_code.py
slurmstepd: error: *** JOB 26805170 ON gpu504-37 CANCELLED AT 2023-07-31T01:48:00 DUE TO TIME LIMIT ***
